../Core/Src/main.c:146:13:Update_Display_Data	24	static
../Core/Src/main.c:243:14:ACS_DemoScaleCurrent	24	static
../Core/Src/main.c:272:5:main	64	static
../Core/Src/main.c:776:6:SystemClock_Config	88	static
../Core/Src/main.c:820:13:MX_ADC1_Init	24	static
../Core/Src/main.c:867:13:MX_I2C1_Init	8	static
../Core/Src/main.c:901:13:MX_TIM3_Init	48	static
../Core/Src/main.c:954:13:MX_USART1_UART_Init	8	static
../Core/Src/main.c:987:13:MX_GPIO_Init	40	static
../Core/Src/main.c:1048:6:HAL_GPIO_EXTI_Callback	16	static
../Core/Src/main.c:1059:6:Error_Handler	4	static,ignoring_inline_asm
