../Core/Src/main.c:130:13:Update_Display_Data	24	static
../Core/Src/main.c:169:13:Mock_UpdateSensorData	24	static
../Core/Src/main.c:228:5:main	64	static
../Core/Src/main.c:574:6:SystemClock_Config	88	static
../Core/Src/main.c:618:13:MX_ADC1_Init	24	static
../Core/Src/main.c:665:13:MX_I2C1_Init	8	static
../Core/Src/main.c:699:13:MX_TIM3_Init	48	static
../Core/Src/main.c:752:13:MX_USART1_UART_Init	8	static
../Core/Src/main.c:785:13:MX_GPIO_Init	40	static
../Core/Src/main.c:841:6:HAL_GPIO_EXTI_Callback	16	static
../Core/Src/main.c:852:6:Error_Handler	4	static,ignoring_inline_asm
